{
  "errors": [
    {
      "message": "User or Tenant must be specified"
    }
  ],
  "status": 401
}